// Jest Snapshot v1, https://goo.gl/fbAQLP

exports[`Bookmarks should match snapshot 1`] = `
<Fragment>
  <BookmarkForm />
  <BookmarkList />
</Fragment>
`;
